[Licensing::Module] Trying to connect to existing licensing client channel...
Built from '6000.3/staging' branch; Version is '6000.3.10f1 (e35f0c77bd8e) revision 14901004'; Using compiler version '194234433'; Build Type 'Release'
[Licensing::IpcConnector] Successfully connected to: "LicenseClient-Hidano" at "2026-06-01T04:55:01.1350648Z"
OS: 'Windows 11  (10.0.26200) Professional' Language: 'ja' Physical Memory: 63119 MB
BatchMode: 1, IsHumanControllingUs: 0, StartBugReporterOnCrash: 0, Is64bit: 1
System  architecture: x64
Process architecture: x64
Date: 2026-06-01T04:55:01Z

COMMAND LINE ARGUMENTS:
D:\UnityEditors\6000.3.10f1\Editor\Unity.exe
-batchmode
-nographics
-projectPath
D:\Personal\Repositries\VTuberSystemBase\VTuberSystemBase
-runTests
-testPlatform
EditMode
-testFilter
VTuberSystemBase.AvatarMocapFacialIntegration
-testResults
D:\Personal\Repositries\VTuberSystemBase\.kiro\specs\avatar-mocap-facial-integration\run-logs\task-9.1-amfi-editmode-results.xml
-logFile
D:\Personal\Repositries\VTuberSystemBase\.kiro\specs\avatar-mocap-facial-integration\run-logs\task-9.1-amfi-editmode.log
Successfully changed project path to: D:\Personal\Repositries\VTuberSystemBase\VTuberSystemBase
D:/Personal/Repositries/VTuberSystemBase/VTuberSystemBase
[UnityMemory] Configuration Parameters - Can be set up in boot.config
    "memorysetup-temp-allocator-size-nav-mesh-worker=65536"
    "memorysetup-temp-allocator-size-audio-worker=65536"
    "memorysetup-temp-allocator-size-gfx=262144"
    "memorysetup-allocator-temp-initial-block-size-main=262144"
    "memorysetup-allocator-temp-initial-block-size-worker=262144"
    "memorysetup-temp-allocator-size-background-worker=32768"
    "memorysetup-temp-allocator-size-job-worker=262144"
    "memorysetup-temp-allocator-size-preload-manager=33554432"
    "memorysetup-temp-allocator-size-gi-baking-worker=262144"
    "memorysetup-temp-allocator-size-gi-baking-worker=262144"
    "memorysetup-temp-allocator-size-gi-baking-worker=262144"
    "memorysetup-temp-allocator-size-gi-baking-worker=262144"
    "memorysetup-temp-allocator-size-gi-baking-worker=262144"
    "memorysetup-bucket-allocator-granularity=16"
    "memorysetup-bucket-allocator-bucket-count=8"
    "memorysetup-bucket-allocator-block-size=33554432"
    "memorysetup-bucket-allocator-block-count=8"
    "memorysetup-main-allocator-block-size=16777216"
    "memorysetup-thread-allocator-block-size=16777216"
    "memorysetup-gfx-main-allocator-block-size=16777216"
    "memorysetup-gfx-thread-allocator-block-size=16777216"
    "memorysetup-cache-allocator-block-size=4194304"
    "memorysetup-typetree-allocator-block-size=2097152"
    "memorysetup-profiler-bucket-allocator-granularity=16"
    "memorysetup-profiler-bucket-allocator-bucket-count=8"
    "memorysetup-profiler-bucket-allocator-block-size=33554432"
    "memorysetup-profiler-bucket-allocator-block-count=8"
    "memorysetup-profiler-allocator-block-size=16777216"
    "memorysetup-profiler-editor-allocator-block-size=1048576"
    "memorysetup-temp-allocator-size-main=16777216"
    "memorysetup-job-temp-allocator-block-size=2097152"
    "memorysetup-job-temp-allocator-block-size-background=1048576"
    "memorysetup-job-temp-allocator-reduction-small-platforms=262144"
    "memorysetup-temp-allocator-size-cloud-worker=32768"
Player connection [41964]  Target information:

Player connection [41964]  * "[IP] 192.168.0.154 [Port] 55504 [Flags] 2 [Guid] 138040634 [EditorId] 138040634 [Version] 1048832 [Id] WindowsEditor(7,DESKTOP-B05E46L) [Debug] 1 [PackageName] WindowsEditor [ProjectName] Editor" 

Player connection [41964] Host joined multi-casting on [225.0.0.222:54997]...
Player connection [41964] Host joined alternative multi-casting on [225.0.0.222:34997]...
Input System module state changed to: Initialized.
[Physics::Module] Initialized fallback backend.
[Physics::Module] Id: 0xdecafbad
[Package Manager] Connected to IPC stream "Upm-33472" after 0.2 seconds.
[Licensing::Module] Licensing is not yet initialized.
[Licensing::Client] Handshaking with LicensingClient:
  Version:                 1.17.4+4293ba1
  Session Id:              c71b8d8c3e184b229ae256617e7c8355
  Correlation Id:          504aa46432a2a11f60509eae168bca66
  External correlation Id: 1432243939084669227
  Machine Id:              lQ3HnRDIcW8k5V88EQ/y8pepgLo=
[Licensing::Module] Successfully connected to LicensingClient on channel: "LicenseClient-Hidano" (connect: 0.00s, validation: 0.00s, handshake: 0.62s)
[Licensing::IpcConnector] Successfully connected to: "LicenseClient-Hidano-notifications" at "2026-06-01T04:55:01.7575183Z"
[Licensing::Module] Error: Access token is unavailable; failed to update
[Licensing::Client] Successfully resolved entitlement details
[Licensing::Module] License group:
  Id: 15669647304215-unvgi-UnitXXXX
  Product: Unity Pro
  Type: Assigned
  Expiration: 2026-11-15T00:00:00Z
[Licensing::Client] Successfully updated license, isAsync: True, time: 0.00
[Licensing::Module] Licensing Background thread has ended after 0.62s
[Licensing::Module] Licensing is initialized (took 0.36s).
[Licensing::Client] Successfully resolved entitlement details
Library Redirect Path: Library/
[Physics::Module] Selected backend.
[Physics::Module] Name: PhysX
[Physics::Module] Id: 0xf2b8ea05
[Physics::Module] SDK Version: 4.1.2
[Physics::Module] Integration Version: 1.0.0
[Physics::Module] Threading Mode: Multi-Threaded
Refreshing native plugins compatible for Editor in 0.08 ms, found 0 plugins.
Preloading 0 native plugins for Editor in 0.00 ms.
Initialize engine version: 6000.3.10f1 (e35f0c77bd8e)
[Subsystems] Discovering subsystems at path D:/UnityEditors/6000.3.10f1/Editor/Data/Resources/UnitySubsystems
[Subsystems] Discovering subsystems at path D:/Personal/Repositries/VTuberSystemBase/VTuberSystemBase/Assets
Forcing GfxDevice: Null
GfxDevice: creating device client; kGfxThreadingModeNonThreaded
NullGfxDevice:
    Version:  NULL 1.0 [1.0]
    Renderer: Null Device
    Vendor:   Unity Technologies
Initialize mono
Mono path[0] = 'D:/UnityEditors/6000.3.10f1/Editor/Data/Managed'
Mono path[1] = 'D:/UnityEditors/6000.3.10f1/Editor/Data/MonoBleedingEdge/lib/mono/unityjit-win32'
Mono config path = 'D:/UnityEditors/6000.3.10f1/Editor/Data/MonoBleedingEdge/etc'
Using monoOptions --debugger-agent=transport=dt_socket,embedding=1,server=y,suspend=n,address=127.0.0.1:56472
Using cacheserver namespaces - metadata:defaultmetadata, artifacts:defaultartifacts
Using cacheserver namespaces - metadata:defaultmetadata, artifacts:defaultartifacts
ImportWorker Server TCP listen port: 0
AcceleratorClientConnectionCallback - disconnected - :0
Begin MonoManager ReloadAssembly
Registering precompiled unity dll's ...
Register platform support module: D:/UnityEditors/6000.3.10f1/Editor/Data/PlaybackEngines/WindowsStandaloneSupport/UnityEditor.WindowsStandalone.Extensions.dll
Registered in 0.000733 seconds.
- Loaded All Assemblies, in  0.230 seconds
Native extension for WindowsStandalone target not found
ScheduleIndexationOnStartup MainProcess:False IndexOnStartup:True
Mono: successfully reloaded assembly
- Finished resetting the current domain, in  0.241 seconds
Domain Reload Profiling: 471ms
	BeginReloadAssembly (76ms)
		ExecutionOrderSort (0ms)
		DisableScriptedObjects (0ms)
		BackupInstance (0ms)
		ReleaseScriptingObjects (0ms)
		CreateAndSetChildDomain (7ms)
	RebuildCommonClasses (21ms)
	RebuildNativeTypeToScriptingClass (8ms)
	initialDomainReloadingComplete (25ms)
	LoadAllAssembliesAndSetupDomain (99ms)
		LoadAssemblies (70ms)
		RebuildTransferFunctionScriptingTraits (0ms)
		AnalyzeDomain (97ms)
			TypeCache.Refresh (95ms)
				TypeCache.ScanAssembly (87ms)
			BuildScriptInfoCaches (0ms)
			ResolveRequiredComponents (0ms)
	FinalizeReload (241ms)
		ReleaseScriptCaches (0ms)
		RebuildScriptCaches (0ms)
		SetupLoadedEditorAssemblies (218ms)
			LogAssemblyErrors (0ms)
			InitializePlatformSupportModulesInManaged (27ms)
			SetLoadedEditorAssemblies (2ms)
			BeforeProcessingInitializeOnLoad (48ms)
			ProcessInitializeOnLoadAttributes (96ms)
			ProcessInitializeOnLoadMethodAttributes (44ms)
			AfterProcessingInitializeOnLoad (0ms)
			EditorAssembliesLoaded (0ms)
		ExecutionOrderSort2 (0ms)
		AwakeInstancesAfterBackupRestoration (0ms)
[Licensing::Client] Successfully resolved entitlement details
Application.AssetDatabase Initial Refresh Start
Package Manager log level set to [2]
[Package Manager] Restoring resolved packages state from cache
[Licensing::Client] Successfully resolved entitlement details
[Package Manager] Registered 89 packages:
  Packages from [https://package.openupm.com]:
    com.cysharp.unitask@2.5.10 (location: D:\Personal\Repositries\VTuberSystemBase\VTuberSystemBase\Library\PackageCache\com.cysharp.unitask@15a4a7657f99)
    com.neuecc.unirx@7.1.0 (location: D:\Personal\Repositries\VTuberSystemBase\VTuberSystemBase\Library\PackageCache\com.neuecc.unirx@c143e533d3e4)
    io.github.hatayama.uloopmcp@2.1.1 (location: D:\Personal\Repositries\VTuberSystemBase\VTuberSystemBase\Library\PackageCache\io.github.hatayama.uloopmcp@dc6282b826b8)
    jp.hadashikick.vcontainer@1.16.6 (location: D:\Personal\Repositries\VTuberSystemBase\VTuberSystemBase\Library\PackageCache\jp.hadashikick.vcontainer@bfc5fcc02036)
  Packages from [https://packages.unity.com]:
    com.unity.ide.rider@3.0.34 (location: D:\Personal\Repositries\VTuberSystemBase\VTuberSystemBase\Library\PackageCache\com.unity.ide.rider@ecbf706690e5)
    com.unity.addressables@2.9.0 (location: D:\Personal\Repositries\VTuberSystemBase\VTuberSystemBase\Library\PackageCache\com.unity.addressables@de8760a788ae)
    com.unity.nuget.newtonsoft-json@3.2.2 (location: D:\Personal\Repositries\VTuberSystemBase\VTuberSystemBase\Library\PackageCache\com.unity.nuget.newtonsoft-json@4dfd81071c64)
    com.unity.timeline@1.8.10 (location: D:\Personal\Repositries\VTuberSystemBase\VTuberSystemBase\Library\PackageCache\com.unity.timeline@7f8b2fb101b6)
    com.unity.mathematics@1.3.3 (location: D:\Personal\Repositries\VTuberSystemBase\VTuberSystemBase\Library\PackageCache\com.unity.mathematics@19a9377c4ffa)
    com.unity.burst@1.8.28 (location: D:\Personal\Repositries\VTuberSystemBase\VTuberSystemBase\Library\PackageCache\com.unity.burst@07790c2d06d9)
    com.unity.cinemachine@3.1.5 (location: D:\Personal\Repositries\VTuberSystemBase\VTuberSystemBase\Library\PackageCache\com.unity.cinemachine@5342685532bb)
    com.unity.inputsystem@1.18.0 (location: D:\Personal\Repositries\VTuberSystemBase\VTuberSystemBase\Library\PackageCache\com.unity.inputsystem@57d0e36f6123)
    com.unity.profiling.core@1.0.3 (location: D:\Personal\Repositries\VTuberSystemBase\VTuberSystemBase\Library\PackageCache\com.unity.profiling.core@8a49f7027d06)
    com.unity.scriptablebuildpipeline@2.6.0 (location: D:\Personal\Repositries\VTuberSystemBase\VTuberSystemBase\Library\PackageCache\com.unity.scriptablebuildpipeline@a633a2d168ec)
    com.unity.searcher@4.9.4 (location: D:\Personal\Repositries\VTuberSystemBase\VTuberSystemBase\Library\PackageCache\com.unity.searcher@d45a78918735)
    com.unity.collections@2.6.2 (location: D:\Personal\Repositries\VTuberSystemBase\VTuberSystemBase\Library\PackageCache\com.unity.collections@aea9d3bd5e19)
    com.unity.splines@2.8.3 (location: D:\Personal\Repositries\VTuberSystemBase\VTuberSystemBase\Library\PackageCache\com.unity.splines@56b2023b4b9f)
    com.unity.nuget.mono-cecil@1.11.6 (location: D:\Personal\Repositries\VTuberSystemBase\VTuberSystemBase\Library\PackageCache\com.unity.nuget.mono-cecil@ecb9724e46ff)
    com.unity.test-framework.performance@3.2.0 (location: D:\Personal\Repositries\VTuberSystemBase\VTuberSystemBase\Library\PackageCache\com.unity.test-framework.performance@0840f58e4562)
    com.unity.settings-manager@2.1.1 (location: D:\Personal\Repositries\VTuberSystemBase\VTuberSystemBase\Library\PackageCache\com.unity.settings-manager@0b8638c5ce86)
  Packages from [https://registry.npmjs.com]:
    com.hidano.realtimeavatarcontroller@0.2.0 (location: D:\Personal\Repositries\VTuberSystemBase\VTuberSystemBase\Library\PackageCache\com.hidano.realtimeavatarcontroller@2c13b3316175)
    com.hidano.runtime-display-selector@0.1.1 (location: D:\Personal\Repositries\VTuberSystemBase\VTuberSystemBase\Library\PackageCache\com.hidano.runtime-display-selector@406b0084630f)
    com.hidano.scene-view-style-camera-controller@1.0.1 (location: D:\Personal\Repositries\VTuberSystemBase\VTuberSystemBase\Library\PackageCache\com.hidano.scene-view-style-camera-controller@e447921b832e)
    com.hidano.ucapi4unity@0.1.0-preview.2 (location: D:\Personal\Repositries\VTuberSystemBase\VTuberSystemBase\Library\PackageCache\com.hidano.ucapi4unity@e632e2959cd8)
    com.hidano.ulipsync-asio@3.1.5-custom.2 (location: D:\Personal\Repositries\VTuberSystemBase\VTuberSystemBase\Library\PackageCache\com.hidano.ulipsync-asio@cf279246ad4b)
    com.hidano.uosc@1.0.0 (location: D:\Personal\Repositries\VTuberSystemBase\VTuberSystemBase\Library\PackageCache\com.hidano.uosc@f7a52f0c524d)
    jp.keijiro.klak.spout@2.0.6 (location: D:\Personal\Repositries\VTuberSystemBase\VTuberSystemBase\Library\PackageCache\jp.keijiro.klak.spout@cd3751890357)
  Built-in packages:
    com.unity.render-pipelines.universal@17.3.0 (location: D:\Personal\Repositries\VTuberSystemBase\VTuberSystemBase\Library\PackageCache\com.unity.render-pipelines.universal@37e0d4fc2503)
    com.unity.test-framework@1.6.0 (location: D:\Personal\Repositries\VTuberSystemBase\VTuberSystemBase\Library\PackageCache\com.unity.test-framework@0b7a23ab2e1d)
    com.unity.modules.accessibility@1.0.0 (location: D:\Personal\Repositries\VTuberSystemBase\VTuberSystemBase\Library\PackageCache\com.unity.modules.accessibility)
    com.unity.modules.adaptiveperformance@1.0.0 (location: D:\Personal\Repositries\VTuberSystemBase\VTuberSystemBase\Library\PackageCache\com.unity.modules.adaptiveperformance)
    com.unity.modules.ai@1.0.0 (location: D:\Personal\Repositries\VTuberSystemBase\VTuberSystemBase\Library\PackageCache\com.unity.modules.ai)
    com.unity.modules.androidjni@1.0.0 (location: D:\Personal\Repositries\VTuberSystemBase\VTuberSystemBase\Library\PackageCache\com.unity.modules.androidjni)
    com.unity.modules.animation@1.0.0 (location: D:\Personal\Repositries\VTuberSystemBase\VTuberSystemBase\Library\PackageCache\com.unity.modules.animation)
    com.unity.modules.assetbundle@1.0.0 (location: D:\Personal\Repositries\VTuberSystemBase\VTuberSystemBase\Library\PackageCache\com.unity.modules.assetbundle)
    com.unity.modules.audio@1.0.0 (location: D:\Personal\Repositries\VTuberSystemBase\VTuberSystemBase\Library\PackageCache\com.unity.modules.audio)
    com.unity.modules.cloth@1.0.0 (location: D:\Personal\Repositries\VTuberSystemBase\VTuberSystemBase\Library\PackageCache\com.unity.modules.cloth)
    com.unity.modules.director@1.0.0 (location: D:\Personal\Repositries\VTuberSystemBase\VTuberSystemBase\Library\PackageCache\com.unity.modules.director)
    com.unity.modules.imageconversion@1.0.0 (location: D:\Personal\Repositries\VTuberSystemBase\VTuberSystemBase\Library\PackageCache\com.unity.modules.imageconversion)
    com.unity.modules.imgui@1.0.0 (location: D:\Personal\Repositries\VTuberSystemBase\VTuberSystemBase\Library\PackageCache\com.unity.modules.imgui)
    com.unity.modules.jsonserialize@1.0.0 (location: D:\Personal\Repositries\VTuberSystemBase\VTuberSystemBase\Library\PackageCache\com.unity.modules.jsonserialize)
    com.unity.modules.particlesystem@1.0.0 (location: D:\Personal\Repositries\VTuberSystemBase\VTuberSystemBase\Library\PackageCache\com.unity.modules.particlesystem)
    com.unity.modules.physics@1.0.0 (location: D:\Personal\Repositries\VTuberSystemBase\VTuberSystemBase\Library\PackageCache\com.unity.modules.physics)
    com.unity.modules.physics2d@1.0.0 (location: D:\Personal\Repositries\VTuberSystemBase\VTuberSystemBase\Library\PackageCache\com.unity.modules.physics2d)
    com.unity.modules.screencapture@1.0.0 (location: D:\Personal\Repositries\VTuberSystemBase\VTuberSystemBase\Library\PackageCache\com.unity.modules.screencapture)
    com.unity.modules.terrain@1.0.0 (location: D:\Personal\Repositries\VTuberSystemBase\VTuberSystemBase\Library\PackageCache\com.unity.modules.terrain)
    com.unity.modules.terrainphysics@1.0.0 (location: D:\Personal\Repositries\VTuberSystemBase\VTuberSystemBase\Library\PackageCache\com.unity.modules.terrainphysics)
    com.unity.modules.tilemap@1.0.0 (location: D:\Personal\Repositries\VTuberSystemBase\VTuberSystemBase\Library\PackageCache\com.unity.modules.tilemap)
    com.unity.modules.ui@1.0.0 (location: D:\Personal\Repositries\VTuberSystemBase\VTuberSystemBase\Library\PackageCache\com.unity.modules.ui)
    com.unity.modules.uielements@1.0.0 (location: D:\Personal\Repositries\VTuberSystemBase\VTuberSystemBase\Library\PackageCache\com.unity.modules.uielements)
    com.unity.modules.umbra@1.0.0 (location: D:\Personal\Repositries\VTuberSystemBase\VTuberSystemBase\Library\PackageCache\com.unity.modules.umbra)
    com.unity.modules.unityanalytics@1.0.0 (location: D:\Personal\Repositries\VTuberSystemBase\VTuberSystemBase\Library\PackageCache\com.unity.modules.unityanalytics)
    com.unity.modules.unitywebrequest@1.0.0 (location: D:\Personal\Repositries\VTuberSystemBase\VTuberSystemBase\Library\PackageCache\com.unity.modules.unitywebrequest)
    com.unity.modules.unitywebrequestassetbundle@1.0.0 (location: D:\Personal\Repositries\VTuberSystemBase\VTuberSystemBase\Library\PackageCache\com.unity.modules.unitywebrequestassetbundle)
    com.unity.modules.unitywebrequestaudio@1.0.0 (location: D:\Personal\Repositries\VTuberSystemBase\VTuberSystemBase\Library\PackageCache\com.unity.modules.unitywebrequestaudio)
    com.unity.modules.unitywebrequesttexture@1.0.0 (location: D:\Personal\Repositries\VTuberSystemBase\VTuberSystemBase\Library\PackageCache\com.unity.modules.unitywebrequesttexture)
    com.unity.modules.unitywebrequestwww@1.0.0 (location: D:\Personal\Repositries\VTuberSystemBase\VTuberSystemBase\Library\PackageCache\com.unity.modules.unitywebrequestwww)
    com.unity.modules.vectorgraphics@1.0.0 (location: D:\Personal\Repositries\VTuberSystemBase\VTuberSystemBase\Library\PackageCache\com.unity.modules.vectorgraphics)
    com.unity.modules.vehicles@1.0.0 (location: D:\Personal\Repositries\VTuberSystemBase\VTuberSystemBase\Library\PackageCache\com.unity.modules.vehicles)
    com.unity.modules.video@1.0.0 (location: D:\Personal\Repositries\VTuberSystemBase\VTuberSystemBase\Library\PackageCache\com.unity.modules.video)
    com.unity.modules.vr@1.0.0 (location: D:\Personal\Repositries\VTuberSystemBase\VTuberSystemBase\Library\PackageCache\com.unity.modules.vr)
    com.unity.modules.wind@1.0.0 (location: D:\Personal\Repositries\VTuberSystemBase\VTuberSystemBase\Library\PackageCache\com.unity.modules.wind)
    com.unity.modules.xr@1.0.0 (location: D:\Personal\Repositries\VTuberSystemBase\VTuberSystemBase\Library\PackageCache\com.unity.modules.xr)
    com.unity.modules.subsystems@1.0.0 (location: D:\Personal\Repositries\VTuberSystemBase\VTuberSystemBase\Library\PackageCache\com.unity.modules.subsystems)
    com.unity.modules.hierarchycore@1.0.0 (location: D:\Personal\Repositries\VTuberSystemBase\VTuberSystemBase\Library\PackageCache\com.unity.modules.hierarchycore)
    com.unity.ugui@2.0.0 (location: D:\Personal\Repositries\VTuberSystemBase\VTuberSystemBase\Library\PackageCache\com.unity.ugui@bb329a87fcdc)
    com.unity.ext.nunit@2.0.5 (location: D:\Personal\Repositries\VTuberSystemBase\VTuberSystemBase\Library\PackageCache\com.unity.ext.nunit@d8c07649098d)
    com.unity.render-pipelines.core@17.3.0 (location: D:\Personal\Repositries\VTuberSystemBase\VTuberSystemBase\Library\PackageCache\com.unity.render-pipelines.core@04ab0eefa0c3)
    com.unity.shadergraph@17.3.0 (location: D:\Personal\Repositries\VTuberSystemBase\VTuberSystemBase\Library\PackageCache\com.unity.shadergraph@c8830f61858d)
    com.unity.render-pipelines.universal-config@17.0.3 (location: D:\Personal\Repositries\VTuberSystemBase\VTuberSystemBase\Library\PackageCache\com.unity.render-pipelines.universal-config@8dc1aab4af1d)
  Embedded packages:
    com.hidano.vtuber-system-base.avatar-mocap-facial-integration@file:D:\Personal\Repositries\VTuberSystemBase\VTuberSystemBase\Packages\com.hidano.vtuber-system-base.avatar-mocap-facial-integration (location: D:\Personal\Repositries\VTuberSystemBase\VTuberSystemBase\Packages\com.hidano.vtuber-system-base.avatar-mocap-facial-integration)
    com.hidano.vtuber-system-base.camera-switcher-output-adapter@file:D:\Personal\Repositries\VTuberSystemBase\VTuberSystemBase\Packages\com.hidano.vtuber-system-base.camera-switcher-output-adapter (location: D:\Personal\Repositries\VTuberSystemBase\VTuberSystemBase\Packages\com.hidano.vtuber-system-base.camera-switcher-output-adapter)
    com.hidano.vtuber-system-base.camera-switcher-tab@file:D:\Personal\Repositries\VTuberSystemBase\VTuberSystemBase\Packages\com.hidano.vtuber-system-base.camera-switcher-tab (location: D:\Personal\Repositries\VTuberSystemBase\VTuberSystemBase\Packages\com.hidano.vtuber-system-base.camera-switcher-tab)
    com.hidano.vtuber-system-base.character-selection-tab@file:D:\Personal\Repositries\VTuberSystemBase\VTuberSystemBase\Packages\com.hidano.vtuber-system-base.character-selection-tab (location: D:\Personal\Repositries\VTuberSystemBase\VTuberSystemBase\Packages\com.hidano.vtuber-system-base.character-selection-tab)
    com.hidano.vtuber-system-base.core-ipc-foundation@file:D:\Personal\Repositries\VTuberSystemBase\VTuberSystemBase\Packages\com.hidano.vtuber-system-base.core-ipc-foundation (location: D:\Personal\Repositries\VTuberSystemBase\VTuberSystemBase\Packages\com.hidano.vtuber-system-base.core-ipc-foundation)
    com.hidano.vtuber-system-base.integrated-demo@file:D:\Personal\Repositries\VTuberSystemBase\VTuberSystemBase\Packages\com.hidano.vtuber-system-base.integrated-demo (location: D:\Personal\Repositries\VTuberSystemBase\VTuberSystemBase\Packages\com.hidano.vtuber-system-base.integrated-demo)
    com.hidano.vtuber-system-base.output-renderer-shell@file:D:\Personal\Repositries\VTuberSystemBase\VTuberSystemBase\Packages\com.hidano.vtuber-system-base.output-renderer-shell (location: D:\Personal\Repositries\VTuberSystemBase\VTuberSystemBase\Packages\com.hidano.vtuber-system-base.output-renderer-shell)
    com.hidano.vtuber-system-base.rac-main-output-adapter@file:D:\Personal\Repositries\VTuberSystemBase\VTuberSystemBase\Packages\com.hidano.vtuber-system-base.rac-main-output-adapter (location: D:\Personal\Repositries\VTuberSystemBase\VTuberSystemBase\Packages\com.hidano.vtuber-system-base.rac-main-output-adapter)
    com.hidano.vtuber-system-base.stage-lighting-volume-output-adapter@file:D:\Personal\Repositries\VTuberSystemBase\VTuberSystemBase\Packages\com.hidano.vtuber-system-base.stage-lighting-volume-output-adapter (location: D:\Personal\Repositries\VTuberSystemBase\VTuberSystemBase\Packages\com.hidano.vtuber-system-base.stage-lighting-volume-output-adapter)
    com.hidano.vtuber-system-base.stage-lighting-volume-tab@file:D:\Personal\Repositries\VTuberSystemBase\VTuberSystemBase\Packages\com.hidano.vtuber-system-base.stage-lighting-volume-tab (location: D:\Personal\Repositries\VTuberSystemBase\VTuberSystemBase\Packages\com.hidano.vtuber-system-base.stage-lighting-volume-tab)
    com.hidano.vtuber-system-base.ui-toolkit-shell@file:D:\Personal\Repositries\VTuberSystemBase\VTuberSystemBase\Packages\com.hidano.vtuber-system-base.ui-toolkit-shell (location: D:\Personal\Repositries\VTuberSystemBase\VTuberSystemBase\Packages\com.hidano.vtuber-system-base.ui-toolkit-shell)
  Git packages:
    com.hidano.facialcontrol@git@github.com:NHidano/FacialControl.git?path=FacialControl/Packages/com.hidano.facialcontrol#feature/hidano/generate-prototype (location: D:\Personal\Repositries\VTuberSystemBase\VTuberSystemBase\Library\PackageCache\com.hidano.facialcontrol@bac064f04d09)
    com.hidano.facialcontrol.inputsystem@git@github.com:NHidano/FacialControl.git?path=FacialControl/Packages/com.hidano.facialcontrol.inputsystem#feature/hidano/generate-prototype (location: D:\Personal\Repositries\VTuberSystemBase\VTuberSystemBase\Library\PackageCache\com.hidano.facialcontrol.inputsystem@e48c01a35e96)
    com.hidano.facialcontrol.lipsync@git@github.com:NHidano/FacialControl.git?path=FacialControl/Packages/com.hidano.facialcontrol.lipsync#feature/hidano/generate-prototype (location: D:\Personal\Repositries\VTuberSystemBase\VTuberSystemBase\Library\PackageCache\com.hidano.facialcontrol.lipsync@ff7cfb5b6476)
    com.hidano.facialcontrol.osc@git@github.com:NHidano/FacialControl.git?path=FacialControl/Packages/com.hidano.facialcontrol.osc#feature/hidano/generate-prototype (location: D:\Personal\Repositries\VTuberSystemBase\VTuberSystemBase\Library\PackageCache\com.hidano.facialcontrol.osc@d1b7c182a382)
    com.hidano.realtimeavatarcontroller.mocap-vmc@git@github.com:Hidano-Dev/RealtimeAvatarController.git?path=RealtimeAvatarController/Packages/com.hidano.realtimeavatarcontroller.mocap-vmc#main (location: D:\Personal\Repositries\VTuberSystemBase\VTuberSystemBase\Library\PackageCache\com.hidano.realtimeavatarcontroller.mocap-vmc@372a98b37d68)
    com.vrmc.gltf@https://github.com/vrm-c/UniVRM.git?path=/Packages/UniGLTF#v0.131.0 (location: D:\Personal\Repositries\VTuberSystemBase\VTuberSystemBase\Library\PackageCache\com.vrmc.gltf@39e860e10eeb)
    com.vrmc.univrm@https://github.com/vrm-c/UniVRM.git?path=/Packages/VRM#v0.131.0 (location: D:\Personal\Repositries\VTuberSystemBase\VTuberSystemBase\Library\PackageCache\com.vrmc.univrm@8867aefceddf)
    com.vrmc.vrm@https://github.com/vrm-c/UniVRM.git?path=/Packages/VRM10#v0.131.0 (location: D:\Personal\Repositries\VTuberSystemBase\VTuberSystemBase\Library\PackageCache\com.vrmc.vrm@4a17eb92884b)
[Subsystems] No new subsystems found in resolved package list.
[Package Manager] Done registering packages in 0.01 seconds
A meta data file (.meta) exists but its folder 'Packages/com.hidano.realtimeavatarcontroller.mocap-vmc/Samples~' can't be found, and has been created. Empty directories cannot be stored in version control, so it's assumed that the meta data file is for an empty directory in version control. When moving or deleting folders outside of Unity, please ensure that the corresponding .meta file is moved or deleted along with it.
Assembly reference Packages/com.unity.cinemachine/Editor/Samples/ExposeHDRPInternals/HDRP-Editor-ref.asmref has no target assembly definition
Script 'Packages/com.hidano.uosc/Samples/Bundle/ClientBundleTest.cs' will not be compiled because it exists outside the Assets folder and does not to belong to any assembly definition file.
Script 'Packages/com.hidano.uosc/Samples/Client to Server/ServerTest.cs' will not be compiled because it exists outside the Assets folder and does not to belong to any assembly definition file.
Script 'Packages/com.hidano.uosc/Samples/Blob/ClientBlobTest.cs' will not be compiled because it exists outside the Assets folder and does not to belong to any assembly definition file.
Script 'Packages/com.hidano.uosc/Samples/Blob/ServerBlobTest.cs' will not be compiled because it exists outside the Assets folder and does not to belong to any assembly definition file.
Script 'Packages/com.hidano.uosc/Samples/Client to Server/ClientTest.cs' will not be compiled because it exists outside the Assets folder and does not to belong to any assembly definition file.
Assembly reference Packages/com.unity.cinemachine/Editor/Samples/ExposeHDRPInternals/HDRP-Editor-ref.asmref has no target assembly definition
Script 'Packages/com.hidano.uosc/Samples/Bundle/ClientBundleTest.cs' will not be compiled because it exists outside the Assets folder and does not to belong to any assembly definition file.
Script 'Packages/com.hidano.uosc/Samples/Client to Server/ServerTest.cs' will not be compiled because it exists outside the Assets folder and does not to belong to any assembly definition file.
Script 'Packages/com.hidano.uosc/Samples/Blob/ClientBlobTest.cs' will not be compiled because it exists outside the Assets folder and does not to belong to any assembly definition file.
Script 'Packages/com.hidano.uosc/Samples/Blob/ServerBlobTest.cs' will not be compiled because it exists outside the Assets folder and does not to belong to any assembly definition file.
Script 'Packages/com.hidano.uosc/Samples/Client to Server/ClientTest.cs' will not be compiled because it exists outside the Assets folder and does not to belong to any assembly definition file.
[ScriptCompilation] Requested script compilation because: Assetdatabase observed changes in script compilation related files
Duplicate assembly 'System.Runtime.CompilerServices.Unsafe.dll' with different versions detected, using 'Packages/io.github.hatayama.uloopmcp/Plugins/CodeAnalysis/System.Runtime.CompilerServices.Unsafe.dll, AssemblyName=System.Runtime.CompilerServices.Unsafe, Version=6.0.2.0, Culture=neutral, PublicKeyToken=b03f5f7f11d50a3a' and ignoring 'Packages/com.hidano.vtuber-system-base.core-ipc-foundation/Runtime/Plugins/SystemTextJson/System.Runtime.CompilerServices.Unsafe.dll, AssemblyName=System.Runtime.CompilerServices.Unsafe, Version=6.0.0.0, Culture=neutral, PublicKeyToken=b03f5f7f11d50a3a'.Duplicate assembly 'System.Runtime.CompilerServices.Unsafe.dll' with different versions detected, using 'Packages/io.github.hatayama.uloopmcp/Plugins/CodeAnalysis/System.Runtime.CompilerServices.Unsafe.dll, AssemblyName=System.Runtime.CompilerServices.Unsafe, Version=6.0.2.0, Culture=neutral, PublicKeyToken=b03f5f7f11d50a3a' and ignoring 'Packages/com.unity.collections/Unity.Collections.Tests/System.Runtime.CompilerServices.Unsafe/System.Runtime.CompilerServices.Unsafe.dll, AssemblyName=System.Runtime.CompilerServices.Unsafe, Version=6.0.0.0, Culture=neutral, PublicKeyToken=b03f5f7f11d50a3a'.Assembly for Assembly Definition File 'Packages/com.hidano.vtuber-system-base.core-ipc-foundation/Editor/VTuberSystemBase.CoreIpc.Editor.asmdef' will not be compiled, because it has no scripts associated with it.
UnityEngine.Debug:ExtractStackTraceNoAlloc (byte*,int,string)
UnityEngine.StackTraceUtility:ExtractStackTrace ()
UnityEngine.DebugLogHandler:Internal_Log (UnityEngine.LogType,UnityEngine.LogOption,string,UnityEngine.Object)
UnityEngine.DebugLogHandler:LogFormat (UnityEngine.LogType,UnityEngine.Object,string,object[])
UnityEngine.Logger:LogFormat (UnityEngine.LogType,string,object[])
UnityEngine.Debug:LogWarningFormat (string,object[])
UnityEditor.Scripting.ScriptCompilation.EditorCompilation:WarnIfThereAreAssembliesWithoutAnyScripts (UnityEditor.Scripting.ScriptCompilation.ScriptAssemblySettings,UnityEditor.Scripting.ScriptCompilation.ScriptAssembly[])
UnityEditor.Scripting.ScriptCompilation.EditorCompilation:CompileScriptsWithSettings (UnityEditor.Scripting.ScriptCompilation.ScriptAssemblySettings)
UnityEditor.Scripting.ScriptCompilation.EditorCompilation:CompileScripts (UnityEditor.Scripting.ScriptCompilation.EditorScriptCompilationOptions,UnityEditor.BuildTarget,int,string[])
UnityEditor.Scripting.ScriptCompilation.EditorCompilationInterface/<>c__DisplayClass21_0:<CompileScripts>b__0 ()
UnityEditor.Scripting.ScriptCompilation.EditorCompilationInterface:EmitExceptionAsError<UnityEditor.Scripting.ScriptCompilation.EditorCompilation/CompileStatus> (System.Func`1<UnityEditor.Scripting.ScriptCompilation.EditorCompilation/CompileStatus>,UnityEditor.Scripting.ScriptCompilation.EditorCompilation/CompileStatus)
UnityEditor.Scripting.ScriptCompilation.EditorCompilationInterface:CompileScripts (UnityEditor.Scripting.ScriptCompilation.EditorScriptCompilationOptions,UnityEditor.BuildTarget,int,string[])

Starting: D:\UnityEditors\6000.3.10f1\Editor\Data\Tools\BuildPipeline\bee_backend.exe --ipc --defer-dag-verification --dagfile="Library/Bee/1900b0aE.dag" --continue-on-failure --profile="Library/Bee/backend1.traceevents" ScriptAssemblies
WorkingDir: D:/Personal/Repositries/VTuberSystemBase/VTuberSystemBase
DisplayProgressbar: Compiling Scripts
Starting: D:\UnityEditors\6000.3.10f1\Editor\Data\netcorerun\netcorerun.exe "D:\UnityEditors\6000.3.10f1\Editor\Data\Tools\BuildPipeline\ScriptCompilationBuildProgram.exe" "Library/Bee/1900b0aE.dag.json" "Library/Bee/1900b0aE-inputdata.json" "Library\Bee\buildprogram0.traceevents"
WorkingDir: D:/Personal/Repositries/VTuberSystemBase/VTuberSystemBase
ExitCode: 4 Duration: 0s183ms
Rebuilding DAG because FileSignature timestamp changed: Library/Bee/1900b0aE-inputdata.json
[1320/1789  0s] ILPP-Configuration Library/ilpp-configuration.nevergeneratedoutput
*** Tundra requires additional run (0.16 seconds), 1 items updated, 1319 evaluated
ExitCode: 0 Duration: 0s849ms
Starting: D:\UnityEditors\6000.3.10f1\Editor\Data\Tools\BuildPipeline\bee_backend.exe --ipc --defer-dag-verification --dagfile="Library/Bee/1900b0aE.dag" --continue-on-failure --dagfilejson="Library\Bee\1900b0aE.dag.json" --profile="Library/Bee/backend2.traceevents" ScriptAssemblies
WorkingDir: D:/Personal/Repositries/VTuberSystemBase/VTuberSystemBase
ExitCode: 0 Duration: 1s418ms
Finished compiling graph: 1803 nodes, 37422 flattened edges (30084 ToBuild, 324 ToUse), maximum node priority 2098
[ 915/1799  0s] WriteResponseFile Library/Bee/artifacts/rsp/9017449372964872061.rsp
[ 920/1799  0s] WriteText Library/Bee/artifacts/1900b0aE.dag/VTuberSystemBase.AvatarMocapFacialIntegration.Facial.rsp
[ 952/1799  0s] WriteText Library/Bee/artifacts/1900b0aE.dag/VTuberSystemBase.AvatarMocapFacialIntegration.Facial.dll.mvfrm.rsp
[ 957/1799  0s] WriteText Library/Bee/artifacts/1900b0aE.dag/VTuberSystemBase.AvatarMocapFacialIntegration.Facial.rsp2
[ 958/1799  0s] WriteText Library/Bee/artifacts/1900b0aE.dag/VTuberSystemBase.AvatarMocapFacialIntegration.Facial.UnityAdditionalFile.txt
[1325/1799  0s] ILPP-Configuration Library/ilpp-configuration.nevergeneratedoutput
[1794/1799  0s] MovedFromExtractor-Combine Library/Bee/artifacts/1900b0aE.dag/VTuberSystemBase.AvatarMocapFacialIntegration.Facial.dll.mvfrm
[1795/1799  0s] Csc Library/Bee/artifacts/1900b0aE.dag/VTuberSystemBase.AvatarMocapFacialIntegration.Facial.dll (+2 others)
[           0s] Csc Library/Bee/artifacts/1900b0aE.dag/VTuberSystemBase.AvatarMocapFacialIntegration.Facial.dll (+2 others) [CacheWrite 00000000000000000000000000000005]
[1796/1799  0s] ILPostProcess Library/Bee/artifacts/1900b0aE.dag/post-processed/VTuberSystemBase.AvatarMocapFacialIntegration.Facial.dll (+pdb)
Processing assembly Library/Bee/artifacts/1900b0aE.dag/VTuberSystemBase.AvatarMocapFacialIntegration.Facial.dll, with 140 defines and 272 references

processors: Unity.Jobs.CodeGen.JobsILPostProcessor, zzzUnity.Burst.CodeGen.BurstILPostProcessor

running Unity.Jobs.CodeGen.JobsILPostProcessor

running zzzUnity.Burst.CodeGen.BurstILPostProcessor
[1797/1799  0s] CopyFiles Library/ScriptAssemblies/VTuberSystemBase.AvatarMocapFacialIntegration.Facial.dll
[1798/1799  0s] CopyFiles Library/ScriptAssemblies/VTuberSystemBase.AvatarMocapFacialIntegration.Facial.pdb
*** Tundra build success (1.40 seconds), 11 items updated, 1799 evaluated
AssetDatabase: script compilation time: 2.792169s
Begin MonoManager ReloadAssembly
Duplicate assembly 'System.Runtime.CompilerServices.Unsafe.dll' with different versions detected, using 'Packages/io.github.hatayama.uloopmcp/Plugins/CodeAnalysis/System.Runtime.CompilerServices.Unsafe.dll, AssemblyName=System.Runtime.CompilerServices.Unsafe, Version=6.0.2.0, Culture=neutral, PublicKeyToken=b03f5f7f11d50a3a' and ignoring 'Packages/com.hidano.vtuber-system-base.core-ipc-foundation/Runtime/Plugins/SystemTextJson/System.Runtime.CompilerServices.Unsafe.dll, AssemblyName=System.Runtime.CompilerServices.Unsafe, Version=6.0.0.0, Culture=neutral, PublicKeyToken=b03f5f7f11d50a3a'.Duplicate assembly 'System.Runtime.CompilerServices.Unsafe.dll' with different versions detected, using 'Packages/io.github.hatayama.uloopmcp/Plugins/CodeAnalysis/System.Runtime.CompilerServices.Unsafe.dll, AssemblyName=System.Runtime.CompilerServices.Unsafe, Version=6.0.2.0, Culture=neutral, PublicKeyToken=b03f5f7f11d50a3a' and ignoring 'Packages/com.unity.collections/Unity.Collections.Tests/System.Runtime.CompilerServices.Unsafe/System.Runtime.CompilerServices.Unsafe.dll, AssemblyName=System.Runtime.CompilerServices.Unsafe, Version=6.0.0.0, Culture=neutral, PublicKeyToken=b03f5f7f11d50a3a'.- Loaded All Assemblies, in  0.681 seconds
'Packages/com.unity.cinemachine/Editor/Editors/CinemachineVirtualCameraBaseEditor.cs' contains partial class of Unity.Object, exactly 1 of the partial classes needs to be in a file with the same filename. This is to know the one that can be referenced from ie. GameObjects
'Packages/com.unity.cinemachine/Editor/Obsolete/CinemachineVirtualCameraBaseEditor.cs' contains partial class of Unity.Object, exactly 1 of the partial classes needs to be in a file with the same filename. This is to know the one that can be referenced from ie. GameObjects
Refreshing native plugins compatible for Editor in 0.36 ms, found 2 plugins.
Native extension for WindowsStandalone target not found
Assembly reference Packages/com.unity.cinemachine/Editor/Samples/ExposeHDRPInternals/HDRP-Editor-ref.asmref has no target assembly definition
Script 'Packages/com.hidano.uosc/Samples/Bundle/ClientBundleTest.cs' will not be compiled because it exists outside the Assets folder and does not to belong to any assembly definition file.
Script 'Packages/com.hidano.uosc/Samples/Client to Server/ServerTest.cs' will not be compiled because it exists outside the Assets folder and does not to belong to any assembly definition file.
Script 'Packages/com.hidano.uosc/Samples/Blob/ClientBlobTest.cs' will not be compiled because it exists outside the Assets folder and does not to belong to any assembly definition file.
Script 'Packages/com.hidano.uosc/Samples/Blob/ServerBlobTest.cs' will not be compiled because it exists outside the Assets folder and does not to belong to any assembly definition file.
Script 'Packages/com.hidano.uosc/Samples/Client to Server/ClientTest.cs' will not be compiled because it exists outside the Assets folder and does not to belong to any assembly definition file.
Duplicate assembly 'System.Runtime.CompilerServices.Unsafe.dll' with different versions detected, using 'Packages/io.github.hatayama.uloopmcp/Plugins/CodeAnalysis/System.Runtime.CompilerServices.Unsafe.dll, AssemblyName=System.Runtime.CompilerServices.Unsafe, Version=6.0.2.0, Culture=neutral, PublicKeyToken=b03f5f7f11d50a3a' and ignoring 'Packages/com.hidano.vtuber-system-base.core-ipc-foundation/Runtime/Plugins/SystemTextJson/System.Runtime.CompilerServices.Unsafe.dll, AssemblyName=System.Runtime.CompilerServices.Unsafe, Version=6.0.0.0, Culture=neutral, PublicKeyToken=b03f5f7f11d50a3a'.Duplicate assembly 'System.Runtime.CompilerServices.Unsafe.dll' with different versions detected, using 'Packages/io.github.hatayama.uloopmcp/Plugins/CodeAnalysis/System.Runtime.CompilerServices.Unsafe.dll, AssemblyName=System.Runtime.CompilerServices.Unsafe, Version=6.0.2.0, Culture=neutral, PublicKeyToken=b03f5f7f11d50a3a' and ignoring 'Packages/com.unity.collections/Unity.Collections.Tests/System.Runtime.CompilerServices.Unsafe/System.Runtime.CompilerServices.Unsafe.dll, AssemblyName=System.Runtime.CompilerServices.Unsafe, Version=6.0.0.0, Culture=neutral, PublicKeyToken=b03f5f7f11d50a3a'.ScheduleIndexationOnStartup MainProcess:True IndexOnStartup:True
Mono: successfully reloaded assembly
- Finished resetting the current domain, in  2.298 seconds
Domain Reload Profiling: 2978ms
	BeginReloadAssembly (268ms)
		ExecutionOrderSort (0ms)
		DisableScriptedObjects (47ms)
		BackupInstance (0ms)
		ReleaseScriptingObjects (0ms)
		CreateAndSetChildDomain (144ms)
	RebuildCommonClasses (22ms)
	RebuildNativeTypeToScriptingClass (8ms)
	initialDomainReloadingComplete (16ms)
	LoadAllAssembliesAndSetupDomain (366ms)
		LoadAssemblies (213ms)
		RebuildTransferFunctionScriptingTraits (0ms)
		AnalyzeDomain (208ms)
			TypeCache.Refresh (126ms)
				TypeCache.ScanAssembly (115ms)
			BuildScriptInfoCaches (71ms)
			ResolveRequiredComponents (7ms)
	FinalizeReload (2299ms)
		ReleaseScriptCaches (0ms)
		RebuildScriptCaches (0ms)
		SetupLoadedEditorAssemblies (1972ms)
			LogAssemblyErrors (0ms)
			InitializePlatformSupportModulesInManaged (13ms)
			SetLoadedEditorAssemblies (3ms)
			BeforeProcessingInitializeOnLoad (123ms)
			ProcessInitializeOnLoadAttributes (1781ms)
			ProcessInitializeOnLoadMethodAttributes (50ms)
			AfterProcessingInitializeOnLoad (2ms)
			EditorAssembliesLoaded (0ms)
		ExecutionOrderSort2 (0ms)
		AwakeInstancesAfterBackupRestoration (6ms)
Refreshing native plugins compatible for Editor in 0.45 ms, found 2 plugins.
Preloading 0 native plugins for Editor in 0.00 ms.
Asset Pipeline Refresh (id=f2c0beb3bd1c42c48a35ad1d1d0f1637): Total: 6.574 seconds - Initiated by InitialRefreshV2(ForceSynchronousImport)
	Summary:
		Imports: total=0 (actual=0, local cache=0, cache server=0)
		Asset DB Process Time: managed=0 ms, native=2835 ms
		Asset DB Callback time: managed=196 ms, native=18 ms
		Scripting: domain reloads=1, domain reload time=681 ms, compile time=2793 ms, other=48 ms
		Project Asset Count: scripts=1995, non-scripts=2335
		Asset File Changes: new=1, changed=1, moved=0, deleted=0
		Scan Filter Count: 0
	InvokeCustomDependenciesCallbacks: 0.001ms
	InvokePackagesCallback: 17.366ms
	ApplyChangesToAssetFolders: 1.351ms
	Scan: 273.639ms
	OnSourceAssetsModified: 0.880ms
	CategorizeAssetsWithTransientArtifact: 27.733ms
	ProcessAssetsWithTransientArtifactChanges: 69.067ms
	CategorizeAssets: 38.880ms
	ImportOutOfDateAssets: 2306.374ms (-489.479ms without children)
		CompileScripts: 2793.385ms
		ReloadNativeAssets: 0.019ms
		UnloadImportedAssets: 1.535ms
		EnsureUptoDateAssetsAreRegisteredWithGuidPM: 0.586ms
		InitializingProgressBar: 0.001ms
		PostProcessAllAssetNotificationsAddChangedAssets: 0.001ms
		OnDemandSchedulerStart: 0.327ms
	PostProcessAllAssets: 196.804ms
	Hotreload: 2.302ms
	GatherAllCurrentPrimaryArtifactRevisions: 0.001ms
	UnloadStreamsBegin: 2.012ms
	PersistCurrentRevisions: 0.089ms
	UnloadStreamsEnd: 0.001ms
	GenerateScriptTypeHashes: 2.005ms
	Untracked: 3637.228ms

Application.AssetDatabase Initial Refresh End
Scanning for USB devices : 22.965ms
Initializing Unity extensions:
[MODES] ModeService[none].Initialize
[MODES] ModeService[none].LoadModes
[MODES] Loading mode Default (0) for mode-current-id-VTuberSystemBase
Unloading 81 Unused Serialized files (Serialized files now loaded: 0)
Unloading 8297 unused Assets / (21.8 MB). Loaded Objects now: 9065.
Memory consumption went from 232.7 MB to 210.9 MB.
Total: 8.779900 ms (FindLiveObjects: 0.916100 ms CreateObjectMapping: 0.293400 ms MarkObjects: 5.551900 ms  DeleteObjects: 2.017800 ms)

Microsoft Media Foundation video decoding to texture disabled: graphics device is Null, only Direct3D 11 and Direct3D 12 (only on desktop) are supported for hardware-accelerated video decoding.
[Project] Loading completed in 8.315 seconds
	Project init time: 				7.993 seconds
		Template init time: 		0.000 seconds
		Package Manager init time: 		0.567 seconds
		Asset Database init time: 		0.178 seconds
		Global illumination init time: 	0.002 seconds
		Assemblies load time: 			0.482 seconds
		Unity extensions init time: 	0.009 seconds
		Asset Database refresh time: 	6.574 seconds
	Scene opening time: 			0.180 seconds
##utp:{"type":"ProjectInfo","version":2,"phase":"Immediate","time":1780289709341,"processId":33472,"projectLoad":8.3152788,"projectInit":7.9928981,"templateInit":0.0,"packageManagerInit":0.5674455,"assetDatabaseInit":0.1776836,"globalIlluminationInit":0.0024092,"assembliesLoad":0.4822776,"unityExtensionsInit":0.0090624,"assetDatabaseRefresh":6.5738228,"sceneOpening":0.1796238}
##utp:{"type":"EditorInfo","version":2,"phase":"Immediate","time":1780289709341,"processId":33472,"editorVersion":"6000.3.10f1 (e35f0c77bd8e)","branch":"6000.3/staging","buildType":"Release","platform":"Windows"}
Asset Pipeline Refresh (id=2b459d7abc4f3ec48936010f1a7bd388): Total: 0.041 seconds - Initiated by RefreshV2(NoUpdateAssetOptions)
Running tests for ExecutionSettings with details:
targetPlatform = 
playerHeartbeatTimeout = 600
filters[0] = 
   Filter with settings:
   testMode = EditMode
   targetPlatform = 
   testNames = null
   groupNames = VTuberSystemBase.AvatarMocapFacialIntegration
   categoryNames = null
   assemblyNames = null
ignoreTests = {}
featureFlags = null

UnityEngine.Debug:ExtractStackTraceNoAlloc (byte*,int,string)
UnityEngine.StackTraceUtility:ExtractStackTrace ()
UnityEngine.DebugLogHandler:Internal_Log (UnityEngine.LogType,UnityEngine.LogOption,string,UnityEngine.Object)
UnityEngine.DebugLogHandler:LogFormat (UnityEngine.LogType,UnityEngine.Object,string,object[])
UnityEngine.Logger:Log (UnityEngine.LogType,object)
UnityEngine.Debug:Log (object)
UnityEditor.TestTools.TestRunner.CommandLineTest.Executer:InitializeAndExecuteRun (string[]) (at ./Library/PackageCache/com.unity.test-framework@0b7a23ab2e1d/UnityEditor.TestRunner/CommandLineTest/Executer.cs:53)
UnityEditor.TestTools.TestRunner.CommandLineTest.TestStarter:InitializeAndExecuteRun () (at ./Library/PackageCache/com.unity.test-framework@0b7a23ab2e1d/UnityEditor.TestRunner/CommandLineTest/TestStarter.cs:64)
UnityEditor.EditorApplication:Internal_CallUpdateFunctions ()

(Filename: ./Library/PackageCache/com.unity.test-framework@0b7a23ab2e1d/UnityEditor.TestRunner/CommandLineTest/Executer.cs Line: 53)

Start Indexing on Editor startup
[Indexing] Starting Initial Indexing for Assets
[UnityConnectServicesConfig] config is NOT valid, switching to default
Created GICache directory at C:/Users/Hidano/AppData/LocalLow/Unity/Caches/GiCache. Took: 0.011s, timestamps: [8.318 - 8.329]
Unloading 1 Unused Serialized files (Serialized files now loaded: 0)
Unloading 1 unused Assets / (44.4 KB). Loaded Objects now: 9113.
Memory consumption went from 188.2 MB to 188.2 MB.
Total: 18.627900 ms (FindLiveObjects: 0.227300 ms CreateObjectMapping: 0.096200 ms MarkObjects: 18.284200 ms  DeleteObjects: 0.019000 ms)

Executing IPrebuildSetup for: Unity.PerformanceTesting.Editor.TestRunBuilder.
UnityEngine.Debug:ExtractStackTraceNoAlloc (byte*,int,string)
UnityEngine.StackTraceUtility:ExtractStackTrace ()
UnityEngine.DebugLogHandler:Internal_Log (UnityEngine.LogType,UnityEngine.LogOption,string,UnityEngine.Object)
UnityEngine.DebugLogHandler:LogFormat (UnityEngine.LogType,UnityEngine.Object,string,object[])
UnityEngine.Logger:Log (UnityEngine.LogType,object)
UnityEngine.Debug:Log (object)
UnityEditor.TestTools.TestRunner.TestRun.Tasks.BuildActionTaskBase`1/<ExecuteMethods>d__8<UnityEngine.TestTools.IPrebuildSetup>:MoveNext () (at ./Library/PackageCache/com.unity.test-framework@0b7a23ab2e1d/UnityEditor.TestRunner/TestRun/Tasks/BuildActionTaskBase.cs:48)
UnityEditor.TestTools.TestRunner.TestRun.Tasks.BuildActionTaskBase`1/<Execute>d__7<UnityEngine.TestTools.IPrebuildSetup>:MoveNext () (at ./Library/PackageCache/com.unity.test-framework@0b7a23ab2e1d/UnityEditor.TestRunner/TestRun/Tasks/BuildActionTaskBase.cs:34)
UnityEditor.TestTools.TestRunner.TestRun.TestJobRunner:ExecuteStep () (at ./Library/PackageCache/com.unity.test-framework@0b7a23ab2e1d/UnityEditor.TestRunner/TestRun/TestJobRunner.cs:173)
UnityEditor.TestTools.TestRunner.TestRun.TestJobRunner:ExecuteCallback () (at ./Library/PackageCache/com.unity.test-framework@0b7a23ab2e1d/UnityEditor.TestRunner/TestRun/TestJobRunner.cs:108)
UnityEditor.EditorApplication:Internal_CallUpdateFunctions ()

(Filename: ./Library/PackageCache/com.unity.test-framework@0b7a23ab2e1d/UnityEditor.TestRunner/TestRun/Tasks/BuildActionTaskBase.cs Line: 48)

AvatarCatalog 'TestCatalog' contains duplicate avatarKey 'avatars/alice' at index 1.
UnityEngine.Debug:ExtractStackTraceNoAlloc (byte*,int,string)
UnityEngine.StackTraceUtility:ExtractStackTrace ()
UnityEngine.DebugLogHandler:Internal_Log (UnityEngine.LogType,UnityEngine.LogOption,string,UnityEngine.Object)
UnityEngine.DebugLogHandler:LogFormat (UnityEngine.LogType,UnityEngine.Object,string,object[])
UnityEngine.Logger:Log (UnityEngine.LogType,object,UnityEngine.Object)
UnityEngine.Debug:LogWarning (object,UnityEngine.Object)
VTuberSystemBase.AvatarMocapFacialIntegration.Catalog.AvatarCatalog:OnValidate () (at ./Packages/com.hidano.vtuber-system-base.avatar-mocap-facial-integration/Runtime/Catalog/AvatarCatalog.cs:62)
System.Reflection.RuntimeMethodInfo:Invoke (object,System.Reflection.BindingFlags,System.Reflection.Binder,object[],System.Globalization.CultureInfo)
System.Reflection.MethodBase:Invoke (object,object[])
VTuberSystemBase.AvatarMocapFacialIntegration.Tests.EditMode.Catalog.AvatarCatalogTests:InvokeOnValidate (VTuberSystemBase.AvatarMocapFacialIntegration.Catalog.AvatarCatalog) (at ./Packages/com.hidano.vtuber-system-base.avatar-mocap-facial-integration/Tests/EditMode/Catalog/AvatarCatalogTests.cs:99)
VTuberSystemBase.AvatarMocapFacialIntegration.Tests.EditMode.Catalog.AvatarCatalogTests:OnValidate_LogsDuplicateAvatarKey () (at ./Packages/com.hidano.vtuber-system-base.avatar-mocap-facial-integration/Tests/EditMode/Catalog/AvatarCatalogTests.cs:51)
System.Reflection.RuntimeMethodInfo:Invoke (object,System.Reflection.BindingFlags,System.Reflection.Binder,object[],System.Globalization.CultureInfo)
System.Reflection.MethodBase:Invoke (object,object[])
NUnit.Framework.Internal.Reflect:InvokeMethod (System.Reflection.MethodInfo,object,object[])
NUnit.Framework.Internal.MethodWrapper:Invoke (object,object[])
NUnit.Framework.Internal.Commands.TestMethodCommand:RunNonAsyncTestMethod (NUnit.Framework.Internal.ITestExecutionContext)
NUnit.Framework.Internal.Commands.TestMethodCommand:RunTestMethod (NUnit.Framework.Internal.ITestExecutionContext)
NUnit.Framework.Internal.Commands.TestMethodCommand:Execute (NUnit.Framework.Internal.ITestExecutionContext)
UnityEngine.TestTools.UnityTestMethodCommand:Execute (NUnit.Framework.Internal.ITestExecutionContext) (at ./Library/PackageCache/com.unity.test-framework@0b7a23ab2e1d/UnityEngine.TestRunner/NUnitExtensions/Commands/UnityTestMethodCommand.cs:19)
UnityEngine.TestRunner.NUnitExtensions.Runner.UnityLogCheckDelegatingCommand/<>c__DisplayClass2_0:<Execute>b__0 () (at ./Library/PackageCache/com.unity.test-framework@0b7a23ab2e1d/UnityEngine.TestRunner/NUnitExtensions/Runner/UnityLogCheckDelegatingCommand.cs:24)
UnityEngine.TestRunner.NUnitExtensions.Runner.UnityLogCheckDelegatingCommand:CaptureException (NUnit.Framework.Internal.TestResult,System.Action) (at ./Library/PackageCache/com.unity.test-framework@0b7a23ab2e1d/UnityEngine.TestRunner/NUnitExtensions/Runner/UnityLogCheckDelegatingCommand.cs:72)
UnityEngine.TestRunner.NUnitExtensions.Runner.UnityLogCheckDelegatingCommand:ExecuteAndCheckLog (UnityEngine.TestTools.Logging.LogScope,NUnit.Framework.Internal.TestResult,System.Action) (at ./Library/PackageCache/com.unity.test-framework@0b7a23ab2e1d/UnityEngine.TestRunner/NUnitExtensions/Runner/UnityLogCheckDelegatingCommand.cs:83)
UnityEngine.TestRunner.NUnitExtensions.Runner.UnityLogCheckDelegatingCommand:Execute (NUnit.Framework.Internal.ITestExecutionContext) (at ./Library/PackageCache/com.unity.test-framework@0b7a23ab2e1d/UnityEngine.TestRunner/NUnitExtensions/Runner/UnityLogCheckDelegatingCommand.cs:24)
UnityEngine.TestRunner.NUnitExtensions.Runner.UnityLogCheckDelegatingCommand/<ExecuteEnumerable>d__3:MoveNext () (at ./Library/PackageCache/com.unity.test-framework@0b7a23ab2e1d/UnityEngine.TestRunner/NUnitExtensions/Runner/UnityLogCheckDelegatingCommand.cs:35)
UnityEngine.TestTools.BeforeAfterTestCommandBase`1/<ExecuteEnumerable>d__16<NUnit.Framework.ITestAction>:MoveNext () (at ./Library/PackageCache/com.unity.test-framework@0b7a23ab2e1d/UnityEngine.TestRunner/NUnitExtensions/Commands/BeforeAfterTestCommandBase.cs:212)
UnityEngine.TestTools.ImmediateEnumerableCommand:Execute (NUnit.Framework.Internal.ITestExecutionContext) (at ./Library/PackageCache/com.unity.test-framework@0b7a23ab2e1d/UnityEngine.TestRunner/NUnitExtensions/Commands/ImmediateEnumerableCommand.cs:18)
UnityEngine.TestTools.BeforeAfterTestCommandBase`1/<ExecuteEnumerable>d__16<System.Reflection.MethodInfo>:MoveNext () (at ./Library/PackageCache/com.unity.test-framework@0b7a23ab2e1d/UnityEngine.TestRunner/NUnitExtensions/Commands/BeforeAfterTestCommandBase.cs:219)
UnityEngine.TestTools.BeforeAfterTestCommandBase`1/<ExecuteEnumerable>d__16<System.Reflection.MethodInfo>:MoveNext () (at ./Library/PackageCache/com.unity.test-framework@0b7a23ab2e1d/UnityEngine.TestRunner/NUnitExtensions/Commands/BeforeAfterTestCommandBase.cs:212)
UnityEngine.TestTools.BeforeAfterTestCommandBase`1/<ExecuteEnumerable>d__16<UnityEngine.TestTools.IOuterUnityTestAction>:MoveNext () (at ./Library/PackageCache/com.unity.test-framework@0b7a23ab2e1d/UnityEngine.TestRunner/NUnitExtensions/Commands/BeforeAfterTestCommandBase.cs:212)
UnityEngine.TestTools.RetryCommand/<ExecuteEnumerable>d__2:MoveNext () (at ./Library/PackageCache/com.unity.test-framework@0b7a23ab2e1d/UnityEngine.TestRunner/NUnitExtensions/Commands/RetryCommand.cs:37)
UnityEngine.TestTools.RepeatCommand/<ExecuteEnumerable>d__2:MoveNext () (at ./Library/PackageCache/com.unity.test-framework@0b7a23ab2e1d/UnityEngine.TestRunner/NUnitExtensions/Commands/RepeatCommand.cs:36)
UnityEngine.TestTools.IgnoreTestCommand/<ExecuteEnumerable>d__3:MoveNext () (at ./Library/PackageCache/com.unity.test-framework@0b7a23ab2e1d/UnityEngine.TestRunner/NUnitExtensions/Commands/IgnoreTestCommand.cs:42)
UnityEngine.TestTools.StrictCheckCommand/<ExecuteEnumerable>d__2:MoveNext () (at ./Library/PackageCache/com.unity.test-framework@0b7a23ab2e1d/UnityEngine.TestRunner/NUnitExtensions/Commands/StrictCheckCommand.cs:29)
UnityEngine.TestRunner.NUnitExtensions.Runner.DefaultTestWorkItem/<PerformWork>d__2:MoveNext () (at ./Library/PackageCache/com.unity.test-framework@0b7a23ab2e1d/UnityEngine.TestRunner/NUnitExtensions/Runner/DefaultTestWorkItem.cs:50)
UnityEngine.TestRunner.NUnitExtensions.Runner.CompositeWorkItem/<RunChildren>d__17:MoveNext () (at ./Library/PackageCache/com.unity.test-framework@0b7a23ab2e1d/UnityEngine.TestRunner/NUnitExtensions/Runner/CompositeWorkItem.cs:207)
UnityEngine.TestRunner.NUnitExtensions.Runner.CompositeWorkItem/<PerformWork>d__13:MoveNext () (at ./Library/PackageCache/com.unity.test-framework@0b7a23ab2e1d/UnityEngine.TestRunner/NUnitExtensions/Runner/CompositeWorkItem.cs:82)
UnityEngine.TestRunner.NUnitExtensions.Runner.CompositeWorkItem/<RunChildren>d__17:MoveNext () (at ./Library/PackageCache/com.unity.test-framework@0b7a23ab2e1d/UnityEngine.TestRunner/NUnitExtensions/Runner/CompositeWorkItem.cs:207)
UnityEngine.TestRunner.NUnitExtensions.Runner.CompositeWorkItem/<PerformWork>d__13:MoveNext () (at ./Library/PackageCache/com.unity.test-framework@0b7a23ab2e1d/UnityEngine.TestRunner/NUnitExtensions/Runner/CompositeWorkItem.cs:82)
UnityEngine.TestRunner.NUnitExtensions.Runner.CompositeWorkItem/<RunChildren>d__17:MoveNext () (at ./Library/PackageCache/com.unity.test-framework@0b7a23ab2e1d/UnityEngine.TestRunner/NUnitExtensions/Runner/CompositeWorkItem.cs:207)
UnityEngine.TestRunner.NUnitExtensions.Runner.CompositeWorkItem/<PerformWork>d__13:MoveNext () (at ./Library/PackageCache/com.unity.test-framework@0b7a23ab2e1d/UnityEngine.TestRunner/NUnitExtensions/Runner/CompositeWorkItem.cs:82)
UnityEngine.TestRunner.NUnitExtensions.Runner.CompositeWorkItem/<RunChildren>d__17:MoveNext () (at ./Library/PackageCache/com.unity.test-framework@0b7a23ab2e1d/UnityEngine.TestRunner/NUnitExtensions/Runner/CompositeWorkItem.cs:207)
UnityEngine.TestRunner.NUnitExtensions.Runner.CompositeWorkItem/<PerformWork>d__13:MoveNext () (at ./Library/PackageCache/com.unity.test-framework@0b7a23ab2e1d/UnityEngine.TestRunner/NUnitExtensions/Runner/CompositeWorkItem.cs:82)
UnityEngine.TestRunner.NUnitExtensions.Runner.CompositeWorkItem/<RunChildren>d__17:MoveNext () (at ./Library/PackageCache/com.unity.test-framework@0b7a23ab2e1d/UnityEngine.TestRunner/NUnitExtensions/Runner/CompositeWorkItem.cs:207)
UnityEngine.TestRunner.NUnitExtensions.Runner.CompositeWorkItem/<PerformWork>d__13:MoveNext () (at ./Library/PackageCache/com.unity.test-framework@0b7a23ab2e1d/UnityEngine.TestRunner/NUnitExtensions/Runner/CompositeWorkItem.cs:82)
UnityEngine.TestRunner.NUnitExtensions.Runner.CompositeWorkItem/<RunChildren>d__17:MoveNext () (at ./Library/PackageCache/com.unity.test-framework@0b7a23ab2e1d/UnityEngine.TestRunner/NUnitExtensions/Runner/CompositeWorkItem.cs:207)
UnityEngine.TestRunner.NUnitExtensions.Runner.CompositeWorkItem/<PerformWork>d__13:MoveNext () (at ./Library/PackageCache/com.unity.test-framework@0b7a23ab2e1d/UnityEngine.TestRunner/NUnitExtensions/Runner/CompositeWorkItem.cs:82)
UnityEngine.TestRunner.NUnitExtensions.Runner.CompositeWorkItem/<RunChildren>d__17:MoveNext () (at ./Library/PackageCache/com.unity.test-framework@0b7a23ab2e1d/UnityEngine.TestRunner/NUnitExtensions/Runner/CompositeWorkItem.cs:207)
UnityEngine.TestRunner.NUnitExtensions.Runner.CompositeWorkItem/<PerformWork>d__13:MoveNext () (at ./Library/PackageCache/com.unity.test-framework@0b7a23ab2e1d/UnityEngine.TestRunner/NUnitExtensions/Runner/CompositeWorkItem.cs:82)
UnityEngine.TestRunner.NUnitExtensions.Runner.CompositeWorkItem/<RunChildren>d__17:MoveNext () (at ./Library/PackageCache/com.unity.test-framework@0b7a23ab2e1d/UnityEngine.TestRunner/NUnitExtensions/Runner/CompositeWorkItem.cs:207)
UnityEngine.TestRunner.NUnitExtensions.Runner.CompositeWorkItem/<PerformWork>d__13:MoveNext () (at ./Library/PackageCache/com.unity.test-framework@0b7a23ab2e1d/UnityEngine.TestRunner/NUnitExtensions/Runner/CompositeWorkItem.cs:82)
UnityEditor.TestTools.TestRunner.EditModeRunner:MoveNextAndUpdateYieldObject () (at ./Library/PackageCache/com.unity.test-framework@0b7a23ab2e1d/UnityEditor.TestRunner/TestRunner/EditModeRunner.cs:167)
UnityEditor.TestTools.TestRunner.EditModeRunner:TestConsumer (UnityEditor.TestTools.TestRunner.TestRunnerStateSerializer) (at ./Library/PackageCache/com.unity.test-framework@0b7a23ab2e1d/UnityEditor.TestRunner/TestRunner/EditModeRunner.cs:200)
UnityEditor.TestTools.TestRunner.TestRun.Tasks.EditModeRunTask/<Execute>d__1:MoveNext () (at ./Library/PackageCache/com.unity.test-framework@0b7a23ab2e1d/UnityEditor.TestRunner/TestRun/Tasks/EditModeRunTask.cs:48)
UnityEditor.TestTools.TestRunner.TestRun.TestJobRunner:ExecuteStep () (at ./Library/PackageCache/com.unity.test-framework@0b7a23ab2e1d/UnityEditor.TestRunner/TestRun/TestJobRunner.cs:173)
UnityEditor.TestTools.TestRunner.TestRun.TestJobRunner:ExecuteCallback () (at ./Library/PackageCache/com.unity.test-framework@0b7a23ab2e1d/UnityEditor.TestRunner/TestRun/TestJobRunner.cs:108)
UnityEditor.EditorApplication:Internal_CallUpdateFunctions ()

(Filename: ./Packages/com.hidano.vtuber-system-base.avatar-mocap-facial-integration/Runtime/Catalog/AvatarCatalog.cs Line: 62)

AvatarCatalog 'TestCatalog' entry 'avatars/alice' at index 0 has no AvatarPrefab.
UnityEngine.Debug:ExtractStackTraceNoAlloc (byte*,int,string)
UnityEngine.StackTraceUtility:ExtractStackTrace ()
UnityEngine.DebugLogHandler:Internal_Log (UnityEngine.LogType,UnityEngine.LogOption,string,UnityEngine.Object)
UnityEngine.DebugLogHandler:LogFormat (UnityEngine.LogType,UnityEngine.Object,string,object[])
UnityEngine.Logger:Log (UnityEngine.LogType,object,UnityEngine.Object)
UnityEngine.Debug:LogWarning (object,UnityEngine.Object)
VTuberSystemBase.AvatarMocapFacialIntegration.Catalog.AvatarCatalog:OnValidate () (at ./Packages/com.hidano.vtuber-system-base.avatar-mocap-facial-integration/Runtime/Catalog/AvatarCatalog.cs:69)
System.Reflection.RuntimeMethodInfo:Invoke (object,System.Reflection.BindingFlags,System.Reflection.Binder,object[],System.Globalization.CultureInfo)
System.Reflection.MethodBase:Invoke (object,object[])
VTuberSystemBase.AvatarMocapFacialIntegration.Tests.EditMode.Catalog.AvatarCatalogTests:InvokeOnValidate (VTuberSystemBase.AvatarMocapFacialIntegration.Catalog.AvatarCatalog) (at ./Packages/com.hidano.vtuber-system-base.avatar-mocap-facial-integration/Tests/EditMode/Catalog/AvatarCatalogTests.cs:99)
VTuberSystemBase.AvatarMocapFacialIntegration.Tests.EditMode.Catalog.AvatarCatalogTests:OnValidate_LogsMissingPrefab () (at ./Packages/com.hidano.vtuber-system-base.avatar-mocap-facial-integration/Tests/EditMode/Catalog/AvatarCatalogTests.cs:75)
System.Reflection.RuntimeMethodInfo:Invoke (object,System.Reflection.BindingFlags,System.Reflection.Binder,object[],System.Globalization.CultureInfo)
System.Reflection.MethodBase:Invoke (object,object[])
NUnit.Framework.Internal.Reflect:InvokeMethod (System.Reflection.MethodInfo,object,object[])
NUnit.Framework.Internal.MethodWrapper:Invoke (object,object[])
NUnit.Framework.Internal.Commands.TestMethodCommand:RunNonAsyncTestMethod (NUnit.Framework.Internal.ITestExecutionContext)
NUnit.Framework.Internal.Commands.TestMethodCommand:RunTestMethod (NUnit.Framework.Internal.ITestExecutionContext)
NUnit.Framework.Internal.Commands.TestMethodCommand:Execute (NUnit.Framework.Internal.ITestExecutionContext)
UnityEngine.TestTools.UnityTestMethodCommand:Execute (NUnit.Framework.Internal.ITestExecutionContext) (at ./Library/PackageCache/com.unity.test-framework@0b7a23ab2e1d/UnityEngine.TestRunner/NUnitExtensions/Commands/UnityTestMethodCommand.cs:19)
UnityEngine.TestRunner.NUnitExtensions.Runner.UnityLogCheckDelegatingCommand/<>c__DisplayClass2_0:<Execute>b__0 () (at ./Library/PackageCache/com.unity.test-framework@0b7a23ab2e1d/UnityEngine.TestRunner/NUnitExtensions/Runner/UnityLogCheckDelegatingCommand.cs:24)
UnityEngine.TestRunner.NUnitExtensions.Runner.UnityLogCheckDelegatingCommand:CaptureException (NUnit.Framework.Internal.TestResult,System.Action) (at ./Library/PackageCache/com.unity.test-framework@0b7a23ab2e1d/UnityEngine.TestRunner/NUnitExtensions/Runner/UnityLogCheckDelegatingCommand.cs:72)
UnityEngine.TestRunner.NUnitExtensions.Runner.UnityLogCheckDelegatingCommand:ExecuteAndCheckLog (UnityEngine.TestTools.Logging.LogScope,NUnit.Framework.Internal.TestResult,System.Action) (at ./Library/PackageCache/com.unity.test-framework@0b7a23ab2e1d/UnityEngine.TestRunner/NUnitExtensions/Runner/UnityLogCheckDelegatingCommand.cs:83)
UnityEngine.TestRunner.NUnitExtensions.Runner.UnityLogCheckDelegatingCommand:Execute (NUnit.Framework.Internal.ITestExecutionContext) (at ./Library/PackageCache/com.unity.test-framework@0b7a23ab2e1d/UnityEngine.TestRunner/NUnitExtensions/Runner/UnityLogCheckDelegatingCommand.cs:24)
UnityEngine.TestRunner.NUnitExtensions.Runner.UnityLogCheckDelegatingCommand/<ExecuteEnumerable>d__3:MoveNext () (at ./Library/PackageCache/com.unity.test-framework@0b7a23ab2e1d/UnityEngine.TestRunner/NUnitExtensions/Runner/UnityLogCheckDelegatingCommand.cs:35)
UnityEngine.TestTools.BeforeAfterTestCommandBase`1/<ExecuteEnumerable>d__16<NUnit.Framework.ITestAction>:MoveNext () (at ./Library/PackageCache/com.unity.test-framework@0b7a23ab2e1d/UnityEngine.TestRunner/NUnitExtensions/Commands/BeforeAfterTestCommandBase.cs:212)
UnityEngine.TestTools.ImmediateEnumerableCommand:Execute (NUnit.Framework.Internal.ITestExecutionContext) (at ./Library/PackageCache/com.unity.test-framework@0b7a23ab2e1d/UnityEngine.TestRunner/NUnitExtensions/Commands/ImmediateEnumerableCommand.cs:18)
UnityEngine.TestTools.BeforeAfterTestCommandBase`1/<ExecuteEnumerable>d__16<System.Reflection.MethodInfo>:MoveNext () (at ./Library/PackageCache/com.unity.test-framework@0b7a23ab2e1d/UnityEngine.TestRunner/NUnitExtensions/Commands/BeforeAfterTestCommandBase.cs:219)
UnityEngine.TestTools.BeforeAfterTestCommandBase`1/<ExecuteEnumerable>d__16<System.Reflection.MethodInfo>:MoveNext () (at ./Library/PackageCache/com.unity.test-framework@0b7a23ab2e1d/UnityEngine.TestRunner/NUnitExtensions/Commands/BeforeAfterTestCommandBase.cs:212)
UnityEngine.TestTools.BeforeAfterTestCommandBase`1/<ExecuteEnumerable>d__16<UnityEngine.TestTools.IOuterUnityTestAction>:MoveNext () (at ./Library/PackageCache/com.unity.test-framework@0b7a23ab2e1d/UnityEngine.TestRunner/NUnitExtensions/Commands/BeforeAfterTestCommandBase.cs:212)
UnityEngine.TestTools.RetryCommand/<ExecuteEnumerable>d__2:MoveNext () (at ./Library/PackageCache/com.unity.test-framework@0b7a23ab2e1d/UnityEngine.TestRunner/NUnitExtensions/Commands/RetryCommand.cs:37)
UnityEngine.TestTools.RepeatCommand/<ExecuteEnumerable>d__2:MoveNext () (at ./Library/PackageCache/com.unity.test-framework@0b7a23ab2e1d/UnityEngine.TestRunner/NUnitExtensions/Commands/RepeatCommand.cs:36)
UnityEngine.TestTools.IgnoreTestCommand/<ExecuteEnumerable>d__3:MoveNext () (at ./Library/PackageCache/com.unity.test-framework@0b7a23ab2e1d/UnityEngine.TestRunner/NUnitExtensions/Commands/IgnoreTestCommand.cs:42)
UnityEngine.TestTools.StrictCheckCommand/<ExecuteEnumerable>d__2:MoveNext () (at ./Library/PackageCache/com.unity.test-framework@0b7a23ab2e1d/UnityEngine.TestRunner/NUnitExtensions/Commands/StrictCheckCommand.cs:29)
UnityEngine.TestRunner.NUnitExtensions.Runner.DefaultTestWorkItem/<PerformWork>d__2:MoveNext () (at ./Library/PackageCache/com.unity.test-framework@0b7a23ab2e1d/UnityEngine.TestRunner/NUnitExtensions/Runner/DefaultTestWorkItem.cs:50)
UnityEngine.TestRunner.NUnitExtensions.Runner.CompositeWorkItem/<RunChildren>d__17:MoveNext () (at ./Library/PackageCache/com.unity.test-framework@0b7a23ab2e1d/UnityEngine.TestRunner/NUnitExtensions/Runner/CompositeWorkItem.cs:207)
UnityEngine.TestRunner.NUnitExtensions.Runner.CompositeWorkItem/<PerformWork>d__13:MoveNext () (at ./Library/PackageCache/com.unity.test-framework@0b7a23ab2e1d/UnityEngine.TestRunner/NUnitExtensions/Runner/CompositeWorkItem.cs:82)
UnityEngine.TestRunner.NUnitExtensions.Runner.CompositeWorkItem/<RunChildren>d__17:MoveNext () (at ./Library/PackageCache/com.unity.test-framework@0b7a23ab2e1d/UnityEngine.TestRunner/NUnitExtensions/Runner/CompositeWorkItem.cs:207)
UnityEngine.TestRunner.NUnitExtensions.Runner.CompositeWorkItem/<PerformWork>d__13:MoveNext () (at ./Library/PackageCache/com.unity.test-framework@0b7a23ab2e1d/UnityEngine.TestRunner/NUnitExtensions/Runner/CompositeWorkItem.cs:82)
UnityEngine.TestRunner.NUnitExtensions.Runner.CompositeWorkItem/<RunChildren>d__17:MoveNext () (at ./Library/PackageCache/com.unity.test-framework@0b7a23ab2e1d/UnityEngine.TestRunner/NUnitExtensions/Runner/CompositeWorkItem.cs:207)
UnityEngine.TestRunner.NUnitExtensions.Runner.CompositeWorkItem/<PerformWork>d__13:MoveNext () (at ./Library/PackageCache/com.unity.test-framework@0b7a23ab2e1d/UnityEngine.TestRunner/NUnitExtensions/Runner/CompositeWorkItem.cs:82)
UnityEngine.TestRunner.NUnitExtensions.Runner.CompositeWorkItem/<RunChildren>d__17:MoveNext () (at ./Library/PackageCache/com.unity.test-framework@0b7a23ab2e1d/UnityEngine.TestRunner/NUnitExtensions/Runner/CompositeWorkItem.cs:207)
UnityEngine.TestRunner.NUnitExtensions.Runner.CompositeWorkItem/<PerformWork>d__13:MoveNext () (at ./Library/PackageCache/com.unity.test-framework@0b7a23ab2e1d/UnityEngine.TestRunner/NUnitExtensions/Runner/CompositeWorkItem.cs:82)
UnityEngine.TestRunner.NUnitExtensions.Runner.CompositeWorkItem/<RunChildren>d__17:MoveNext () (at ./Library/PackageCache/com.unity.test-framework@0b7a23ab2e1d/UnityEngine.TestRunner/NUnitExtensions/Runner/CompositeWorkItem.cs:207)
UnityEngine.TestRunner.NUnitExtensions.Runner.CompositeWorkItem/<PerformWork>d__13:MoveNext () (at ./Library/PackageCache/com.unity.test-framework@0b7a23ab2e1d/UnityEngine.TestRunner/NUnitExtensions/Runner/CompositeWorkItem.cs:82)
UnityEngine.TestRunner.NUnitExtensions.Runner.CompositeWorkItem/<RunChildren>d__17:MoveNext () (at ./Library/PackageCache/com.unity.test-framework@0b7a23ab2e1d/UnityEngine.TestRunner/NUnitExtensions/Runner/CompositeWorkItem.cs:207)
UnityEngine.TestRunner.NUnitExtensions.Runner.CompositeWorkItem/<PerformWork>d__13:MoveNext () (at ./Library/PackageCache/com.unity.test-framework@0b7a23ab2e1d/UnityEngine.TestRunner/NUnitExtensions/Runner/CompositeWorkItem.cs:82)
UnityEngine.TestRunner.NUnitExtensions.Runner.CompositeWorkItem/<RunChildren>d__17:MoveNext () (at ./Library/PackageCache/com.unity.test-framework@0b7a23ab2e1d/UnityEngine.TestRunner/NUnitExtensions/Runner/CompositeWorkItem.cs:207)
UnityEngine.TestRunner.NUnitExtensions.Runner.CompositeWorkItem/<PerformWork>d__13:MoveNext () (at ./Library/PackageCache/com.unity.test-framework@0b7a23ab2e1d/UnityEngine.TestRunner/NUnitExtensions/Runner/CompositeWorkItem.cs:82)
UnityEngine.TestRunner.NUnitExtensions.Runner.CompositeWorkItem/<RunChildren>d__17:MoveNext () (at ./Library/PackageCache/com.unity.test-framework@0b7a23ab2e1d/UnityEngine.TestRunner/NUnitExtensions/Runner/CompositeWorkItem.cs:207)
UnityEngine.TestRunner.NUnitExtensions.Runner.CompositeWorkItem/<PerformWork>d__13:MoveNext () (at ./Library/PackageCache/com.unity.test-framework@0b7a23ab2e1d/UnityEngine.TestRunner/NUnitExtensions/Runner/CompositeWorkItem.cs:82)
UnityEditor.TestTools.TestRunner.EditModeRunner:MoveNextAndUpdateYieldObject () (at ./Library/PackageCache/com.unity.test-framework@0b7a23ab2e1d/UnityEditor.TestRunner/TestRunner/EditModeRunner.cs:167)
UnityEditor.TestTools.TestRunner.EditModeRunner:TestConsumer (UnityEditor.TestTools.TestRunner.TestRunnerStateSerializer) (at ./Library/PackageCache/com.unity.test-framework@0b7a23ab2e1d/UnityEditor.TestRunner/TestRunner/EditModeRunner.cs:200)
UnityEditor.TestTools.TestRunner.TestRun.Tasks.EditModeRunTask/<Execute>d__1:MoveNext () (at ./Library/PackageCache/com.unity.test-framework@0b7a23ab2e1d/UnityEditor.TestRunner/TestRun/Tasks/EditModeRunTask.cs:48)
UnityEditor.TestTools.TestRunner.TestRun.TestJobRunner:ExecuteStep () (at ./Library/PackageCache/com.unity.test-framework@0b7a23ab2e1d/UnityEditor.TestRunner/TestRun/TestJobRunner.cs:173)
UnityEditor.TestTools.TestRunner.TestRun.TestJobRunner:ExecuteCallback () (at ./Library/PackageCache/com.unity.test-framework@0b7a23ab2e1d/UnityEditor.TestRunner/TestRun/TestJobRunner.cs:108)
UnityEditor.EditorApplication:Internal_CallUpdateFunctions ()

(Filename: ./Packages/com.hidano.vtuber-system-base.avatar-mocap-facial-integration/Runtime/Catalog/AvatarCatalog.cs Line: 69)

Saving results to: C:/Users/Hidano/AppData/LocalLow/DefaultCompany/VTuberSystemBase\TestResults.xml
Saving results to: D:\Personal\Repositries\VTuberSystemBase\.kiro\specs\avatar-mocap-facial-integration\run-logs\task-9.1-amfi-editmode-results.xml
Executing IPostBuildCleanup for: Unity.PerformanceTesting.Editor.TestRunBuilder.
UnityEngine.Debug:ExtractStackTraceNoAlloc (byte*,int,string)
UnityEngine.StackTraceUtility:ExtractStackTrace ()
UnityEngine.DebugLogHandler:Internal_Log (UnityEngine.LogType,UnityEngine.LogOption,string,UnityEngine.Object)
UnityEngine.DebugLogHandler:LogFormat (UnityEngine.LogType,UnityEngine.Object,string,object[])
UnityEngine.Logger:Log (UnityEngine.LogType,object)
UnityEngine.Debug:Log (object)
UnityEditor.TestTools.TestRunner.TestRun.Tasks.BuildActionTaskBase`1/<ExecuteMethods>d__8<UnityEngine.TestTools.IPostBuildCleanup>:MoveNext () (at ./Library/PackageCache/com.unity.test-framework@0b7a23ab2e1d/UnityEditor.TestRunner/TestRun/Tasks/BuildActionTaskBase.cs:48)
UnityEditor.TestTools.TestRunner.TestRun.Tasks.BuildActionTaskBase`1/<Execute>d__7<UnityEngine.TestTools.IPostBuildCleanup>:MoveNext () (at ./Library/PackageCache/com.unity.test-framework@0b7a23ab2e1d/UnityEditor.TestRunner/TestRun/Tasks/BuildActionTaskBase.cs:34)
UnityEditor.TestTools.TestRunner.TestRun.TestJobRunner:ExecuteStep () (at ./Library/PackageCache/com.unity.test-framework@0b7a23ab2e1d/UnityEditor.TestRunner/TestRun/TestJobRunner.cs:173)
UnityEditor.TestTools.TestRunner.TestRun.TestJobRunner:ExecuteCallback () (at ./Library/PackageCache/com.unity.test-framework@0b7a23ab2e1d/UnityEditor.TestRunner/TestRun/TestJobRunner.cs:108)
UnityEditor.EditorApplication:Internal_CallUpdateFunctions ()

(Filename: ./Library/PackageCache/com.unity.test-framework@0b7a23ab2e1d/UnityEditor.TestRunner/TestRun/Tasks/BuildActionTaskBase.cs Line: 48)

Asset Pipeline Refresh (id=e37d78cfb34cf16488fe677ed674d33d): Total: 0.005 seconds - Initiated by RefreshV2(NoUpdateAssetOptions)
Unloading 0 Unused Serialized files (Serialized files now loaded: 0)
Unloading 0 unused Assets / (0 B). Loaded Objects now: 9114.
Memory consumption went from 186.5 MB to 186.5 MB.
Total: 21.353000 ms (FindLiveObjects: 0.224400 ms CreateObjectMapping: 0.085100 ms MarkObjects: 21.031900 ms  DeleteObjects: 0.010600 ms)

DisplayProgressbar: Undo
Test run completed. Exiting with code 0 (Ok). Run completed.
UnityEngine.Debug:ExtractStackTraceNoAlloc (byte*,int,string)
UnityEngine.StackTraceUtility:ExtractStackTrace ()
UnityEngine.DebugLogHandler:Internal_Log (UnityEngine.LogType,UnityEngine.LogOption,string,UnityEngine.Object)
UnityEngine.DebugLogHandler:LogFormat (UnityEngine.LogType,UnityEngine.Object,string,object[])
UnityEngine.Logger:Log (UnityEngine.LogType,object)
UnityEngine.Debug:Log (object)
UnityEditor.TestTools.TestRunner.CommandLineTest.Executer:ExitApplication (UnityEditor.TestTools.TestRunner.CommandLineTest.Executer/ReturnCodes,string) (at ./Library/PackageCache/com.unity.test-framework@0b7a23ab2e1d/UnityEditor.TestRunner/CommandLineTest/Executer.cs:81)
UnityEditor.TestTools.TestRunner.CommandLineTest.Executer:ExitIfRunIsCompleted () (at ./Library/PackageCache/com.unity.test-framework@0b7a23ab2e1d/UnityEditor.TestRunner/CommandLineTest/Executer.cs:74)
UnityEditor.EditorApplication:Internal_CallUpdateFunctions ()

(Filename: ./Library/PackageCache/com.unity.test-framework@0b7a23ab2e1d/UnityEditor.TestRunner/CommandLineTest/Executer.cs Line: 81)

[Physics::Module] Cleanup current backend.
[Physics::Module] Id: 0xf2b8ea05
Input System module state changed to: ShutdownInProgress.
Input System polling thread exited.
Input System module state changed to: Shutdown.
[Licensing::IpcConnector] LicenseClient-Hidano-notifications channel disconnected successfully.
[Licensing::IpcConnector] LicenseClient-Hidano channel disconnected successfully.
AcceleratorClientConnectionCallback - disconnected - :0
Cleanup mono
Checking for leaked weakptr:
  Found no leaked weakptrs.
[Package Manager] Server process was shutdown
##utp:{"type":"MemoryLeaks","version":2,"phase":"Immediate","time":1780289713884,"processId":33472,"allocatedMemory":14576982,"memoryLabels":[{"Default":14409},{"Permanent":15236},{"NewDelete":68003},{"Thread":4230344},{"Manager":36669},{"VertexData":8},{"Geometry":816},{"Texture":296},{"Shader":79345},{"Material":24},{"GfxDevice":55257},{"Animation":392},{"Audio":2664},{"FreeType":8},{"FontEngine":736},{"Physics":2090},{"Physics2D":16},{"Serialization":656},{"Input":14984},{"JobScheduler":33024},{"TextLib":216},{"Mono":32},{"MonoCode":64},{"ScriptingNativeRuntime":155060},{"BaseObject":1620208},{"Resource":1336},{"Renderer":3000},{"Transform":4685},{"File":9807},{"WebCam":616},{"Culling":32},{"Terrain":11394},{"Wind":24},{"STL":40},{"String":13391},{"DynamicArray":123038},{"HashMap":93717},{"Utility":2661910},{"Curl":2559},{"PoolAlloc":2152},{"AI":80},{"TypeTree":5341},{"ScriptManager":512},{"RuntimeInitializeOnLoadManager":64},{"SpriteAtlas":112},{"GI":7792},{"Director":8240},{"CloudService":288},{"WebRequest":808},{"VR":47994},{"SceneManager":504},{"Video":64},{"LazyScriptCache":32},{"Camera":17},{"Secure":2113},{"SerializationCache":1576},{"APIUpdating":10320},{"Subsystems":336},{"VirtualTexturing":57888},{"StaticSafetyDebugInfo":278528},{"Analytics":256},{"Hierarchy":608},{"CoreStats":13032},{"Identifiers":12960},{"Gui":96},{"EditorUtility":125733},{"VersionControl":4},{"Undo":947},{"AssetDatabase":4697701},{"EditorGi":328},{"UnityConnect":29232},{"Upm":1896},{"AssetCompliance":64},{"DrivenProperties":72},{"LocalIPC":212},{"ProfilerEditor":9746},{"CoreBusinessMetrics":2604},{"Licensing":664},{"AssetReference":32},{"IPCStream":32}]}
